2026-01-15 11:06:30,675 - server.config - [INFO] - (config:86) - Configuration loaded for Node 1
2026-01-15 11:06:30,675 - __main__ - [INFO] - (main:191) - Configuration loaded for Node 1
2026-01-15 11:06:30,676 - __main__ - [INFO] - (main:55) - Initializing Node 1...
2026-01-15 11:06:30,676 - storage.wal - [INFO] - (wal:35) - WAL initialized at ./data/wal_1.log
2026-01-15 11:06:30,676 - storage.recovery - [INFO] - (recovery:41) - Starting state recovery for Node 1...
2026-01-15 11:06:30,676 - core.state - [INFO] - (state:61) - Updating inventory: item 'item-SKU-1000' to quantity 66
2026-01-15 11:06:30,677 - core.state - [INFO] - (state:61) - Updating inventory: item 'item-SKU-1001' to quantity 21
2026-01-15 11:06:30,677 - core.state - [INFO] - (state:61) - Updating inventory: item 'item-SKU-1002' to quantity 79
2026-01-15 11:06:30,677 - core.state - [INFO] - (state:61) - Updating inventory: item 'item-SKU-1000' to quantity 84
2026-01-15 11:06:30,677 - core.state - [INFO] - (state:61) - Updating inventory: item 'item-SKU-1001' to quantity 68
2026-01-15 11:06:30,677 - core.state - [INFO] - (state:61) - Updating inventory: item 'item-SKU-1002' to quantity 116
2026-01-15 11:06:30,677 - storage.recovery - [INFO] - (recovery:59) - Recovery complete. Total operations replayed: 6
2026-01-15 11:06:30,677 - storage.recovery - [INFO] - (recovery:60) - Final recovered inventory: {'item-SKU-1000': 84, 'item-SKU-1001': 68, 'item-SKU-1002': 116}
2026-01-15 11:06:30,677 - core.state - [INFO] - (state:48) - Node 1 is now FOLLOWER
2026-01-15 11:06:30,686 - api.http_server - [INFO] - (http_server:115) - HTTP API server will run on 0.0.0.0:8001
2026-01-15 11:06:30,687 - __main__ - [INFO] - (main:97) - Starting Node 1...
2026-01-15 11:06:30,688 - network.ring - [INFO] - (ring:50) - TCP Ring Server listening on 0.0.0.0:9001
2026-01-15 11:06:30,688 - api.http_server - [INFO] - (http_server:118) - Starting HTTP API server...
2026-01-15 11:06:30,688 - __main__ - [INFO] - (main:103) - No successor defined, starting an election to become leader.
2026-01-15 11:06:30,688 - network.udp_discovery - [INFO] - (udp_discovery:41) - UDP Discovery Listener started on port 10000
2026-01-15 11:06:30,688 - core.election - [WARNING] - (election:36) - Cannot start election: Not connected to a successor.
2026-01-15 11:06:30,689 - core.election - [INFO] - (election:38) - Declaring self as leader due to isolation.
2026-01-15 11:06:30,689 - core.state - [INFO] - (state:48) - Node 1 is now LEADER
2026-01-15 11:06:40,139 - network.ring - [INFO] - (ring:56) - Accepted connection from predecessor at ('127.0.0.1', 9834)
2026-01-15 11:06:41,880 - network.udp_discovery - [INFO] - (udp_discovery:50) - Received discovery request from ('192.168.178.87', 53525), I am the leader.
2026-01-15 11:06:41,883 - api.http_server - [INFO] - (http_server:80) - Leader received HTTP update: {'item_id': 'item-SKU-1000', 'quantity': 164}
2026-01-15 11:06:41,883 - core.state - [INFO] - (state:61) - Updating inventory: item 'item-SKU-1000' to quantity 164
2026-01-15 11:06:41,883 - core.replication - [INFO] - (replication:53) - Leader replicating update: {'item_id': 'item-SKU-1000', 'quantity': 164}
2026-01-15 11:06:41,883 - core.replication - [ERROR] - (replication:60) - Error sending replication message: Not connected to a successor.
2026-01-15 11:06:46,890 - api.http_server - [INFO] - (http_server:80) - Leader received HTTP update: {'item_id': 'item-SKU-1001', 'quantity': 67}
2026-01-15 11:06:46,891 - core.state - [INFO] - (state:61) - Updating inventory: item 'item-SKU-1001' to quantity 67
2026-01-15 11:06:46,892 - core.replication - [INFO] - (replication:53) - Leader replicating update: {'item_id': 'item-SKU-1001', 'quantity': 67}
2026-01-15 11:06:46,892 - core.replication - [ERROR] - (replication:60) - Error sending replication message: Not connected to a successor.
2026-01-15 11:06:51,901 - api.http_server - [INFO] - (http_server:80) - Leader received HTTP update: {'item_id': 'item-SKU-1002', 'quantity': 96}
2026-01-15 11:06:51,901 - core.state - [INFO] - (state:61) - Updating inventory: item 'item-SKU-1002' to quantity 96
2026-01-15 11:06:51,902 - core.replication - [INFO] - (replication:53) - Leader replicating update: {'item_id': 'item-SKU-1002', 'quantity': 96}
2026-01-15 11:06:51,903 - core.replication - [ERROR] - (replication:60) - Error sending replication message: Not connected to a successor.
2026-01-15 11:07:03,796 - __main__ - [INFO] - (main:196) - Caught signal, shutting down gracefully...
2026-01-15 11:07:03,796 - __main__ - [INFO] - (main:108) - Stopping Node 1...
2026-01-15 11:07:03,796 - api.http_server - [INFO] - (http_server:122) - Stopping HTTP API server...
2026-01-15 11:07:04,122 - api.http_server - [INFO] - (http_server:125) - HTTP API server stopped.
2026-01-15 11:07:04,122 - network.udp_discovery - [INFO] - (udp_discovery:66) - UDP Discovery Listener stopped.
2026-01-15 11:07:04,123 - network.ring - [INFO] - (ring:164) - Successor connection closed.
2026-01-15 11:07:04,123 - network.ring - [INFO] - (ring:169) - TCP Ring Client stopped.
2026-01-15 11:07:04,124 - network.ring - [INFO] - (ring:92) - TCP Ring Server stopped.
2026-01-15 11:07:05,143 - network.ring - [INFO] - (ring:81) - Waiting for new predecessor connection...
2026-01-15 11:07:05,691 - __main__ - [INFO] - (main:120) - Node stopped.
